 
****************************************
Report : area
Design : porta_and
Version: X-2025.06-SP2
Date   : Sun Sep 27 19:56:22 2026
****************************************

Information: Updating design information... (UID-85)
Library(s) Used:

    saed32rvt_tt1p05v25c (File: /home/antonni.moraes/AES-Accelerator-SPI/libs/saed32rvt_tt1p05v25c.db)

Number of ports:                            3
Number of nets:                             3
Number of cells:                            1
Number of combinational cells:              1
Number of sequential cells:                 0
Number of macros/black boxes:               0
Number of buf/inv:                          0
Number of references:                       1

Combinational area:                  2.033152
Buf/Inv area:                        0.000000
Noncombinational area:               0.000000
Macro/Black Box area:                0.000000
Net Interconnect area:               0.248251

Total cell area:                     2.033152
Total area:                          2.281403

Hierarchical area distribution
------------------------------

                                  Global cell area          Local cell area
                                  ------------------  --------------------------- 
Hierarchical cell                 Absolute   Percent  Combi-    Noncombi-  Black-
                                  Total      Total    national  national   boxes   Design
--------------------------------  ---------  -------  --------  ---------  ------  ---------
porta_and                            2.0332    100.0    2.0332     0.0000  0.0000  porta_and
--------------------------------  ---------  -------  --------  ---------  ------  ---------
Total                                                   2.0332     0.0000  0.0000

1
