 
****************************************
Report : power
        -analysis_effort low
Design : porta_and
Version: X-2025.06-SP2
Date   : Sun Sep 27 19:56:22 2026
****************************************


Library(s) Used:

    saed32rvt_tt1p05v25c (File: /home/antonni.moraes/AES-Accelerator-SPI/libs/saed32rvt_tt1p05v25c.db)


Operating Conditions: tt1p05v25c   Library: saed32rvt_tt1p05v25c
Wire Load Model Mode: enclosed

Design        Wire Load Model            Library
------------------------------------------------
porta_and              ForQA             saed32rvt_tt1p05v25c


Global Operating Voltage = 1.05 
Power-specific unit information :
    Voltage Units = 1V
    Capacitance Units = 1.000000ff
    Time Units = 1ns
    Dynamic Power Units = 1uW    (derived from V,C,T units)
    Leakage Power Units = 1pW


Attributes
----------
i - Including register clock pin internal power


  Cell Internal Power  = 146.2483 nW   (92%)
  Net Switching Power  =  12.6725 nW    (8%)
                         ---------
Total Dynamic Power    = 158.9208 nW  (100%)

Cell Leakage Power     = 189.4591 nW

Information: report_power power group summary does not include estimated clock tree power. (PWR-789)

                 Internal         Switching           Leakage            Total
Power Group      Power            Power               Power              Power   (   %    )  Attrs
--------------------------------------------------------------------------------------------------
io_pad             0.0000            0.0000            0.0000            0.0000  (   0.00%)
memory             0.0000            0.0000            0.0000            0.0000  (   0.00%)
black_box          0.0000            0.0000            0.0000            0.0000  (   0.00%)
clock_network      0.0000            0.0000            0.0000            0.0000  (   0.00%)  i
register           0.0000            0.0000            0.0000            0.0000  (   0.00%)
sequential         0.0000            0.0000            0.0000            0.0000  (   0.00%)
combinational      0.1462        1.2672e-02        1.8946e+05            0.3484  ( 100.00%)
--------------------------------------------------------------------------------------------------
Total              0.1462 uW     1.2672e-02 uW     1.8946e+05 pW         0.3484 uW
1
